// Jest Snapshot v1, https://goo.gl/fbAQLP

exports[`snapshot 1`] = `
<div
  class="product-page"
  id="product-page"
>
  <div
    class="nav"
  >
    <button
      aria-controls="nav-list"
      aria-expanded="false"
      class="nav-hamburger btn"
    >
      <span
        class="open"
      >
        â˜° Menu
      </span>
      <span
        class="close"
      >
        x Menu
      </span>
    </button>
    <a
      class="nav__cart-content btn"
      href="/cart"
    >
      <div
        class="nav__cart-items"
      >
        Cart: 0 items
      </div>
      <div
        class="nav__cart-value"
      >
         $0
      </div>
    </a>
    <ul>
      <li>
        <a
          class="nav__item"
          href="/"
        >
          All Products
        </a>
      </li>
      <li
        data-testid="nav-section"
      >
        <a
          class="nav__item"
          href="/category/section1"
        >
          Section 1
        </a>
      </li>
      <li
        data-testid="nav-section"
      >
        <a
          class="nav__item"
          href="/category/section2"
        >
          Section 2
        </a>
      </li>
    </ul>
  </div>
  <div
    class="product-detail"
    id="product-detail"
  >
    <div
      class="product-detail__img-gallery"
    >
      <img
        alt="logo"
        class="product-detail__img-main"
        data-testid="imgMain"
        src="1"
      />
      <img
        alt="logo"
        class="product-detail__img-thumb1"
        src="1"
      />
      <img
        alt="logo"
        class="product-detail__img-thumb2"
        data-testid="img2"
        src="2"
      />
      <img
        alt="logo"
        class="product-detail__img-thumb3"
        src="3"
      />
    </div>
    <div
      class="product-detail__content"
    >
      <div
        class="product-detail__content__name"
      >
        Product 1
      </div>
      <div
        class="product-detail__content__price"
      >
        <span>
          $
        </span>
        5
      </div>
      <div
        class="product-detail__content__description"
      >
        Description
      </div>
      <button
        class="product-detail__content__add-cart btn"
      >
        Add to Cart
      </button>
    </div>
  </div>
</div>
`;
