// Jest Snapshot v1, https://goo.gl/fbAQLP

exports[`snapshot 1`] = `
<div
  class="product-detail"
  id="product-detail"
>
  <div
    class="product-detail__img-gallery"
  >
    <img
      alt="logo"
      class="product-detail__img-main"
      data-testid="imgMain"
      src="1"
    />
    <img
      alt="logo"
      class="product-detail__img-thumb1"
      src="1"
    />
    <img
      alt="logo"
      class="product-detail__img-thumb2"
      data-testid="img2"
      src="2"
    />
    <img
      alt="logo"
      class="product-detail__img-thumb3"
      src="3"
    />
  </div>
  <div
    class="product-detail__content"
  >
    <div
      class="product-detail__content__name"
    >
      Product 1
    </div>
    <div
      class="product-detail__content__price"
    >
      <span>
        $
      </span>
      5
    </div>
    <div
      class="product-detail__content__description"
    >
      Description
    </div>
    <button
      class="product-detail__content__add-cart btn"
    >
      Add to Cart
    </button>
  </div>
</div>
`;
